[saloon.wtf/index.html]
[saloon.wtf/logo.svg]
[saloon.wtf/covers/N0jnLZxYwYc.jpg]
[saloon.wtf/_next/static/chunks/28zgq8tofea6x.css]
[saloon.wtf/_next/static/chunks/2wv1ipu4u4uvl.js]
[saloon.wtf/_next/static/chunks/40w7hpx_m24a5.js]
[saloon.wtf/_next/static/chunks/3au-61u0l7guj.js]
[saloon.wtf/_next/static/chunks/turbopack-1n-a_bq9h5436.js]
[saloon.wtf/_next/static/chunks/2r0_nzvyonjum.js]
[backblue.gif]
[fade.gif]
[index.html]
[saloon.wtf/_next/static/chunks/3mdbfoem5um1-.js]
[saloon.wtf/site.webmanifest]
[saloon.wtf/favicon.ico]
[saloon.wtf/favicon-32x32.png]
[saloon.wtf/favicon-16x16.png]
[saloon.wtf/apple-touch-icon.png]
[saloon.wtf/index.html]
[saloon.wtf/logo.svg]
[saloon.wtf/_next/static/chunks/0cz1d0mv5g_q7.js]
[saloon.wtf/bg.avif]
[saloon.wtf/_next/static/chunks/28zgq8tofea6x.css]
[saloon.wtf/bg.webp]
